============================= test session starts =============================
platform win32 -- Python 3.14.5, pytest-8.3.5, pluggy-1.6.0 -- C:\Users\Vitor\AppData\Local\Python\pythoncore-3.14-64\python.exe
cachedir: .pytest_cache
metadata: {'Python': '3.14.5', 'Platform': 'Windows-11-10.0.26200-SP0', 'Packages': {'pytest': '8.3.5', 'pluggy': '1.6.0'}, 'Plugins': {'html': '4.1.1', 'metadata': '3.1.1', 'rerunfailures': '14.0'}}
rootdir: C:\Users\Vitor\Desktop\PytestParte2
configfile: pytest.ini
testpaths: tests
plugins: html-4.1.1, metadata-3.1.1, rerunfailures-14.0
collecting ... collected 26 items

tests/test_atualizar_usuario_com_sucesso.py::test_atualizar_usuario_com_sucesso <- ..\Pytest\tests\test_atualizar_usuario_com_sucesso.py RERUN [  3%]
tests/test_atualizar_usuario_com_sucesso.py::test_atualizar_usuario_com_sucesso <- ..\Pytest\tests\test_atualizar_usuario_com_sucesso.py PASSED [  3%]
tests/test_atualizar_usuario_inexistente_cria_novo.py::test_atualizar_usuario_inexistente_cria_novo <- ..\Pytest\tests\test_atualizar_usuario_inexistente_cria_novo.py PASSED [  7%]
tests/test_buscar_usuario_por_id_existente.py::test_buscar_usuario_por_id_existente <- ..\Pytest\tests\test_buscar_usuario_por_id_existente.py PASSED [ 11%]
tests/test_buscar_usuario_por_id_inexistente.py::test_buscar_usuario_por_id_inexistente <- ..\Pytest\tests\test_buscar_usuario_por_id_inexistente.py PASSED [ 15%]
tests/test_cadastrar_usuario_com_email_duplicado.py::test_cadastrar_usuario_com_email_duplicado <- ..\Pytest\tests\test_cadastrar_usuario_com_email_duplicado.py PASSED [ 19%]
tests/test_cadastrar_usuario_sem_campo_administrador.py::test_cadastrar_usuario_sem_campo_administrador <- ..\Pytest\tests\test_cadastrar_usuario_sem_campo_administrador.py PASSED [ 23%]
tests/test_cadastrar_usuario_sem_campo_email.py::test_cadastrar_usuario_sem_campo_email <- ..\Pytest\tests\test_cadastrar_usuario_sem_campo_email.py RERUN [ 26%]
tests/test_cadastrar_usuario_sem_campo_email.py::test_cadastrar_usuario_sem_campo_email <- ..\Pytest\tests\test_cadastrar_usuario_sem_campo_email.py PASSED [ 26%]
tests/test_cadastrar_usuario_sem_campo_nome.py::test_cadastrar_usuario_sem_campo_nome <- ..\Pytest\tests\test_cadastrar_usuario_sem_campo_nome.py PASSED [ 30%]
tests/test_cadastrar_usuario_sem_campo_password.py::test_cadastrar_usuario_sem_campo_password <- ..\Pytest\tests\test_cadastrar_usuario_sem_campo_password.py PASSED [ 34%]
tests/test_cadastrar_usuario_valido.py::test_cadastrar_usuario_valido <- ..\Pytest\tests\test_cadastrar_usuario_valido.py PASSED [ 38%]
tests/test_excluir_usuario_com_sucesso.py::test_excluir_usuario_com_sucesso <- ..\Pytest\tests\test_excluir_usuario_com_sucesso.py RERUN [ 42%]
tests/test_excluir_usuario_com_sucesso.py::test_excluir_usuario_com_sucesso <- ..\Pytest\tests\test_excluir_usuario_com_sucesso.py PASSED [ 42%]
tests/test_excluir_usuario_inexistente.py::test_excluir_usuario_inexistente <- ..\Pytest\tests\test_excluir_usuario_inexistente.py PASSED [ 46%]
tests/test_listar_usuarios_retorna_campos_esperados.py::test_listar_usuarios_retorna_campos_esperados PASSED [ 50%]
tests/test_listar_usuarios_retorna_status_200.py::test_listar_usuarios_retorna_status_200 <- ..\Pytest\tests\test_listar_usuarios_retorna_status_200.py PASSED [ 53%]
